=== 2026-10-08T01:13:44-06:00 run 37742128171 ===
2026-10-08 01:13 MDT is outside every posting window (evening 19:00-22:00, school_call 4:00-9:00 local). Exiting.
2026-10-08 01:13 MDT is outside every posting window (evening 19:00-22:00, school_call 4:00-9:00 local). Exiting.
exit=0

=== 2026-10-08T03:28:55-06:00 run 37756903881 ===
2026-10-08 03:28 MDT is outside every posting window (evening 19:00-22:00, school_call 4:00-9:00 local). Exiting.
2026-10-08 03:28 MDT is outside every posting window (evening 19:00-22:00, school_call 4:00-9:00 local). Exiting.
exit=0

=== 2026-10-08T05:04:47-06:00 run 37767292466 ===
NOTE: running at 05:01, inside the 4:00-9:00 window but later than the 4:00 target. Posting anyway, flagged late.
=== Vallecito forecast: school_call @ 2026-10-08 05:01 MDT ===
snow-line calibration: offset=0.0ft active=False
guardrails: BLOCK
  - draft states a present-tense road surface condition ('Dry roads for the bus run this morning.') with no live CDOT data behind it -- forecast the roads and the passes, link CDOT for status
  - first-30-days policy: review everything
BLOCK is about the wording, not the data. Rewriting once.
guardrails after rewrite: REVIEW
  - first-30-days policy: review everything
rewrite cleared the gate
review panel: fact checker + editor -> magistrate
panel round 1/3: facts=issues editor=issues (critical/major=4) gate=pass -> magistrate REVISE
panel round 2/3: facts=issues editor=issues (critical/major=5) gate=pass -> magistrate REVISE
panel round 3/3: facts=issues editor=issues (critical/major=4) gate=pass -> magistrate REVISE
panel round 3: dropped 1 replacement(s) whose seam would not be well-formed English: 'The 501 and the 240 should be fine for the morning run'
panel round 3: final-round auto-patch applied 5 replacement(s), skipped 0, outstanding 0; gate=block, unresolved fact issues=0
panel transcript -> state/panel/2026-10-08-school_call.md
Archived draft -> state/drafts/2026-10-08-school_call.md
HELD FOR REVIEW -- draft saved to output/draft.txt
staged for review -> site/weather/_pending/2026-10-08-morning-forecast-for-vallecito-bayfield-and-durango.md
  promote with: python scripts/wx/promote_draft.py 2026-10-08
Review issue opened: https://github.com/GoVallecito/govallecito-bot/issues/90
HELD STREAK: 4 consecutive days drafted and published nothing.
[notify] held-streak issue already open (#88); not filing a second one
Wrote state/forecast-status.md
exit=0

