=== 2026-09-21T00:06:31-06:00 run 35566993519 ===
2026-09-21 00:06 MDT is outside every posting window (evening 19:00-22:00, school_call 5:00-9:00 local). Exiting.
2026-09-21 00:06 MDT is outside every posting window (evening 19:00-22:00, school_call 5:00-9:00 local). Exiting.
exit=0

=== 2026-09-21T05:07:46-06:00 run 35592281610 ===
=== Vallecito forecast: school_call @ 2026-09-21 05:06 MDT ===
snow-line calibration: offset=0.0ft active=False
guardrails: REVIEW
  - first-30-days policy: review everything
Archived draft -> state/drafts/2026-09-21-school_call.md
HELD FOR REVIEW -- draft saved to output/draft.txt
staged for review -> site/weather/_pending/2026-09-21-morning-forecast-for-vallecito-bayfield-and-durango.md
  promote with: python scripts/wx/promote_draft.py 2026-09-21
Review issue opened: https://github.com/GoVallecito/govallecito-bot/issues/30
Wrote state/forecast-status.md
exit=0

=== 2026-09-21T07:13:59-06:00 run 35604259361 ===
school_call for 2026-09-21 already went out at 2026-09-21T05:07:46-06:00; nothing to do.
school_call for 2026-09-21 already went out at 2026-09-21T05:07:46-06:00; nothing to do.
exit=0

=== 2026-09-21T10:58:51-06:00 run 35629024565 ===
2026-09-21 10:58 MDT is outside every posting window (evening 19:00-22:00, school_call 5:00-9:00 local). Exiting.
2026-09-21 10:58 MDT is outside every posting window (evening 19:00-22:00, school_call 5:00-9:00 local). Exiting.
exit=0

