=== 2026-09-27T00:28:56-06:00 run 36300206593 ===
2026-09-27 00:28 MDT is outside every posting window (evening 19:00-22:00, school_call 5:00-9:00 local). Exiting.
2026-09-27 00:28 MDT is outside every posting window (evening 19:00-22:00, school_call 5:00-9:00 local). Exiting.
exit=0

=== 2026-09-27T06:24:19-06:00 run 36318724561 ===
NOTE: running at 06:21, inside the 5:00-9:00 window but later than the 5:00 target. Posting anyway, flagged late.
=== Vallecito forecast: school_call @ 2026-09-27 06:21 MDT ===
snow-line calibration: offset=0.0ft active=False
guardrails: REVIEW
  - first-30-days policy: review everything
review panel: fact checker + editor -> magistrate
panel round 1/3: facts=issues editor=issues (critical/major=5) gate=pass -> magistrate REVISE
panel round 2/3: facts=clean editor=issues (critical/major=3) gate=pass -> magistrate REVISE
panel round 3/3: facts=clean editor=issues (critical/major=4) gate=pass -> magistrate REVISE
panel round 3: final-round auto-patch applied 4 replacement(s), skipped 0; gate=pass, unresolved fact issues=0
panel transcript -> state/panel/2026-09-27-school_call.md
MAGISTRATE APPROVED (approved in round 3 after applying 4 reviewer replacement(s) to the writer's text); publishing to the website
Archived draft -> state/drafts/2026-09-27-school_call.md
site post -> site/weather/2026-09-27-flood-watch-for-vallecito-bayfield-and-durango.md
site feed -> site/weather/feed.json
Wrote state/forecast-status.md
logged forecast 2026-09-27-0 for tomorrow's verification
exit=0

=== 2026-09-27T06:28:07-06:00 run 36319063770 ===
school_call for 2026-09-27 already went out at 2026-09-27T06:24:19-06:00; nothing to do.
school_call for 2026-09-27 already went out at 2026-09-27T06:24:19-06:00; nothing to do.
exit=0

=== 2026-09-27T09:37:08-06:00 run 36330206255 ===
2026-09-27 09:37 MDT is outside every posting window (evening 19:00-22:00, school_call 5:00-9:00 local). Exiting.
2026-09-27 09:37 MDT is outside every posting window (evening 19:00-22:00, school_call 5:00-9:00 local). Exiting.
exit=0

=== 2026-09-27T11:18:08-06:00 run 36336411412 ===
2026-09-27 11:18 MDT is outside every posting window (evening 19:00-22:00, school_call 5:00-9:00 local). Exiting.
2026-09-27 11:18 MDT is outside every posting window (evening 19:00-22:00, school_call 5:00-9:00 local). Exiting.
exit=0

=== 2026-09-27T13:19:33-06:00 run 36343924524 ===
2026-09-27 13:19 MDT is outside every posting window (evening 19:00-22:00, school_call 5:00-9:00 local). Exiting.
2026-09-27 13:19 MDT is outside every posting window (evening 19:00-22:00, school_call 5:00-9:00 local). Exiting.
exit=0

=== 2026-09-27T14:24:49-06:00 run 36347916775 ===
2026-09-27 14:24 MDT is outside every posting window (evening 19:00-22:00, school_call 5:00-9:00 local). Exiting.
2026-09-27 14:24 MDT is outside every posting window (evening 19:00-22:00, school_call 5:00-9:00 local). Exiting.
exit=0

=== 2026-09-27T17:24:29-06:00 run 36358575164 ===
2026-09-27 17:24 MDT is outside every posting window (evening 19:00-22:00, school_call 5:00-9:00 local). Exiting.
2026-09-27 17:24 MDT is outside every posting window (evening 19:00-22:00, school_call 5:00-9:00 local). Exiting.
exit=0

=== 2026-09-27T19:59:45-06:00 run 36368071166 ===
evening is not in WX_SLOTS (['school_call']); skipping.
evening is not in WX_SLOTS (['school_call']); skipping.
exit=0

