=== 2026-09-22T04:20:41-06:00 run 35715434130 ===
2026-09-22 04:20 MDT is outside every posting window (evening 19:00-22:00, school_call 5:00-9:00 local). Exiting.
2026-09-22 04:20 MDT is outside every posting window (evening 19:00-22:00, school_call 5:00-9:00 local). Exiting.
exit=0

=== 2026-09-22T05:24:41-06:00 run 35721196422 ===
=== Vallecito forecast: school_call @ 2026-09-22 05:23 MDT ===
snow-line calibration: offset=0.0ft active=False
guardrails: REVIEW
  - first-30-days policy: review everything
Archived draft -> state/drafts/2026-09-22-school_call.md
HELD FOR REVIEW -- draft saved to output/draft.txt
staged for review -> site/weather/_pending/2026-09-22-flood-watch-for-vallecito-bayfield-and-durango.md
  promote with: python scripts/wx/promote_draft.py 2026-09-22
Review issue opened: https://github.com/GoVallecito/govallecito-bot/issues/32
Wrote state/forecast-status.md
exit=0

=== 2026-09-22T09:10:40-06:00 run 35745454404 ===
2026-09-22 09:10 MDT is outside every posting window (evening 19:00-22:00, school_call 5:00-9:00 local). Exiting.
2026-09-22 09:10 MDT is outside every posting window (evening 19:00-22:00, school_call 5:00-9:00 local). Exiting.
exit=0

=== 2026-09-22T09:29:20-06:00 run 35747675938 ===
2026-09-22 09:29 MDT is outside every posting window (evening 19:00-22:00, school_call 5:00-9:00 local). Exiting.
2026-09-22 09:29 MDT is outside every posting window (evening 19:00-22:00, school_call 5:00-9:00 local). Exiting.
exit=0

=== 2026-09-22T13:04:56-06:00 run 35771422189 ===
2026-09-22 13:04 MDT is outside every posting window (evening 19:00-22:00, school_call 5:00-9:00 local). Exiting.
2026-09-22 13:04 MDT is outside every posting window (evening 19:00-22:00, school_call 5:00-9:00 local). Exiting.
exit=0

=== 2026-09-22T13:11:43-06:00 run 35772175020 ===
2026-09-22 13:11 MDT is outside every posting window (evening 19:00-22:00, school_call 5:00-9:00 local). Exiting.
2026-09-22 13:11 MDT is outside every posting window (evening 19:00-22:00, school_call 5:00-9:00 local). Exiting.
exit=0

=== 2026-09-22T16:25:07-06:00 run 35792245917 ===
2026-09-22 16:25 MDT is outside every posting window (evening 19:00-22:00, school_call 5:00-9:00 local). Exiting.
2026-09-22 16:25 MDT is outside every posting window (evening 19:00-22:00, school_call 5:00-9:00 local). Exiting.
exit=0

=== 2026-09-22T18:56:44-06:00 run 35804205618 ===
2026-09-22 18:56 MDT is outside every posting window (evening 19:00-22:00, school_call 5:00-9:00 local). Exiting.
2026-09-22 18:56 MDT is outside every posting window (evening 19:00-22:00, school_call 5:00-9:00 local). Exiting.
exit=0

