=== 2026-10-03T00:19:12-06:00 run 37102643833 ===
2026-10-03 00:19 MDT is outside every posting window (evening 19:00-22:00, school_call 4:00-9:00 local). Exiting.
2026-10-03 00:19 MDT is outside every posting window (evening 19:00-22:00, school_call 4:00-9:00 local). Exiting.
exit=0

=== 2026-10-03T02:34:02-06:00 run 37110125368 ===
2026-10-03 02:34 MDT is outside every posting window (evening 19:00-22:00, school_call 4:00-9:00 local). Exiting.
2026-10-03 02:34 MDT is outside every posting window (evening 19:00-22:00, school_call 4:00-9:00 local). Exiting.
exit=0

=== 2026-10-03T05:03:09-06:00 run 37118302083 ===
NOTE: running at 05:01, inside the 4:00-9:00 window but later than the 4:00 target. Posting anyway, flagged late.
=== Vallecito forecast: school_call @ 2026-10-03 05:01 MDT ===
snow-line calibration: offset=0.0ft active=False
guardrails: REVIEW
  - first-30-days policy: review everything
review panel: fact checker + editor -> magistrate
panel round 1/3: facts=clean editor=issues (critical/major=2) gate=pass -> magistrate REVISE
panel round 2/3: facts=clean editor=issues (critical/major=3) gate=pass -> magistrate REVISE
panel round 3/3: facts=clean editor=issues (critical/major=1) gate=pass -> magistrate REVISE
panel round 3: final-round auto-patch applied 4 replacement(s), skipped 1, outstanding 0; gate=pass, unresolved fact issues=0
panel transcript -> state/panel/2026-10-03-school_call.md
MAGISTRATE APPROVED (approved in round 3 after applying 4 reviewer replacement(s) to the writer's text); publishing to the website
Archived draft -> state/drafts/2026-10-03-school_call.md
site post -> site/weather/2026-10-03-morning-forecast-for-vallecito-bayfield-and-durango.md
site feed -> site/weather/feed.json
facebook: school_call is not in WX_FB_AUTO_SLOTS (empty); not posting. Use the facebook-post workflow to mirror it by hand.
Wrote state/forecast-status.md
logged forecast 2026-10-03-2 for tomorrow's verification
exit=0

