=== 2026-10-04T00:43:16-06:00 run 37183614439 ===
2026-10-04 00:43 MDT is outside every posting window (evening 19:00-22:00, school_call 4:00-9:00 local). Exiting.
2026-10-04 00:43 MDT is outside every posting window (evening 19:00-22:00, school_call 4:00-9:00 local). Exiting.
exit=0

=== 2026-10-04T02:48:32-06:00 run 37190103159 ===
2026-10-04 02:48 MDT is outside every posting window (evening 19:00-22:00, school_call 4:00-9:00 local). Exiting.
2026-10-04 02:48 MDT is outside every posting window (evening 19:00-22:00, school_call 4:00-9:00 local). Exiting.
exit=0

=== 2026-10-04T05:02:17-06:00 run 37197270420 ===
NOTE: running at 05:01, inside the 4:00-9:00 window but later than the 4:00 target. Posting anyway, flagged late.
=== Vallecito forecast: school_call @ 2026-10-04 05:01 MDT ===
snow-line calibration: offset=0.0ft active=False
guardrails: BLOCK
  - draft states a bare percentage ('17%'); this voice never gives one, it names which models disagree instead
  - first-30-days policy: review everything
BLOCK is about the wording, not the data. Rewriting once.
guardrails after rewrite: REVIEW
  - first-30-days policy: review everything
rewrite cleared the gate
review panel: fact checker + editor -> magistrate
panel round 1/3: facts=clean editor=issues (critical/major=0) gate=pass -> magistrate APPROVE
panel transcript -> state/panel/2026-10-04-school_call.md
MAGISTRATE APPROVED (approved by the magistrate in round 1); publishing to the website
Archived draft -> state/drafts/2026-10-04-school_call.md
site post -> site/weather/2026-10-04-clear-and-mild-through-monday.md
site feed -> site/weather/feed.json
facebook: school_call is not in WX_FB_AUTO_SLOTS (empty); not posting. Use the facebook-post workflow to mirror it by hand.
Wrote state/forecast-status.md
logged forecast 2026-10-04-3 for tomorrow's verification
exit=0

=== 2026-10-04T08:59:17-06:00 run 37211279373 ===
school_call for 2026-10-04 already went out at 2026-10-04T05:02:17-06:00; nothing to do.
school_call for 2026-10-04 already went out at 2026-10-04T05:02:17-06:00; nothing to do.
exit=0

=== 2026-10-04T09:11:43-06:00 run 37212073945 ===
2026-10-04 09:11 MDT is outside every posting window (evening 19:00-22:00, school_call 4:00-9:00 local). Exiting.
2026-10-04 09:11 MDT is outside every posting window (evening 19:00-22:00, school_call 4:00-9:00 local). Exiting.
exit=0

