=== 2026-10-06T01:26:47-06:00 run 37429677497 ===
2026-10-06 01:26 MDT is outside every posting window (evening 19:00-22:00, school_call 4:00-9:00 local). Exiting.
2026-10-06 01:26 MDT is outside every posting window (evening 19:00-22:00, school_call 4:00-9:00 local). Exiting.
exit=0

=== 2026-10-06T04:49:57-06:00 run 37452081192 ===
=== Vallecito forecast: school_call @ 2026-10-06 04:47 MDT ===
snow-line calibration: offset=0.0ft active=False
guardrails: BLOCK
  - draft states a present-tense road surface condition ('Dry roads for the bus run this morning.') with no live CDOT data behind it -- forecast the roads and the passes, link CDOT for status
  - draft states a bare percentage ('7%'); this voice never gives one, it names which models disagree instead
  - first-30-days policy: review everything
BLOCK is about the wording, not the data. Rewriting once.
guardrails after rewrite: BLOCK
  - draft states a bare percentage ('7%'); this voice never gives one, it names which models disagree instead
  - first-30-days policy: review everything
review panel: fact checker + editor -> magistrate
panel round 1/3: facts=issues editor=issues (critical/major=5) gate=block -> magistrate REVISE
panel round 2/3: facts=clean editor=issues (critical/major=3) gate=pass -> magistrate REVISE
panel round 3/3: facts=clean editor=issues (critical/major=3) gate=pass -> magistrate REVISE
panel round 3: final-round auto-patch applied 4 replacement(s), skipped 1, outstanding 0; gate=pass, unresolved fact issues=2
panel transcript -> state/panel/2026-10-06-school_call.md
Archived draft -> state/drafts/2026-10-06-school_call.md
BLOCKED -- nothing published -- draft saved to output/draft.txt
staged for review -> site/weather/_pending/2026-10-06-morning-forecast-for-vallecito-bayfield-and-durango.md
  promote with: python scripts/wx/promote_draft.py 2026-10-06
Review issue opened: https://github.com/GoVallecito/govallecito-bot/issues/86
Wrote state/forecast-status.md
exit=0

=== 2026-10-06T05:01:28-06:00 run 37453622253 ===
school_call for 2026-10-06 already went out at 2026-10-06T04:49:57-06:00; nothing to do.
school_call for 2026-10-06 already went out at 2026-10-06T04:49:57-06:00; nothing to do.
exit=0

=== 2026-10-06T06:01:32-06:00 run 37460311976 ===
school_call for 2026-10-06 already went out at 2026-10-06T04:49:57-06:00; nothing to do.
school_call for 2026-10-06 already went out at 2026-10-06T04:49:57-06:00; nothing to do.
exit=0

=== 2026-10-06T07:01:34-06:00 run 37467550888 ===
school_call for 2026-10-06 already went out at 2026-10-06T04:49:57-06:00; nothing to do.
school_call for 2026-10-06 already went out at 2026-10-06T04:49:57-06:00; nothing to do.
exit=0

=== 2026-10-06T08:01:33-06:00 run 37475472377 ===
school_call for 2026-10-06 already went out at 2026-10-06T04:49:57-06:00; nothing to do.
school_call for 2026-10-06 already went out at 2026-10-06T04:49:57-06:00; nothing to do.
exit=0

=== 2026-10-06T10:35:15-06:00 run 37496836658 ===
2026-10-06 10:35 MDT is outside every posting window (evening 19:00-22:00, school_call 4:00-9:00 local). Exiting.
2026-10-06 10:35 MDT is outside every posting window (evening 19:00-22:00, school_call 4:00-9:00 local). Exiting.
exit=0

=== 2026-10-06T11:25:08-06:00 run 37503352223 ===
2026-10-06 11:25 MDT is outside every posting window (evening 19:00-22:00, school_call 4:00-9:00 local). Exiting.
2026-10-06 11:25 MDT is outside every posting window (evening 19:00-22:00, school_call 4:00-9:00 local). Exiting.
exit=0

