=== 2026-09-30T00:33:29-06:00 run 36678823164 ===
2026-09-30 00:33 MDT is outside every posting window (evening 19:00-22:00, school_call 4:00-9:00 local). Exiting.
2026-09-30 00:33 MDT is outside every posting window (evening 19:00-22:00, school_call 4:00-9:00 local). Exiting.
exit=0

=== 2026-09-30T01:28:48-06:00 run 36683898776 ===
2026-09-30 01:28 MDT is outside every posting window (evening 19:00-22:00, school_call 4:00-9:00 local). Exiting.
2026-09-30 01:28 MDT is outside every posting window (evening 19:00-22:00, school_call 4:00-9:00 local). Exiting.
exit=0

=== 2026-09-30T05:04:38-06:00 run 36705982492 ===
NOTE: running at 05:01, inside the 4:00-9:00 window but later than the 4:00 target. Posting anyway, flagged late.
=== Vallecito forecast: school_call @ 2026-09-30 05:01 MDT ===
snow-line calibration: offset=0.0ft active=False
guardrails: BLOCK
  - draft gives a point-value gust ('gusts to 25mph'); gusts are always a range, e.g. 'gusts 15-25'
  - first-30-days policy: review everything
BLOCK is about the wording, not the data. Rewriting once.
guardrails after rewrite: BLOCK
  - draft states a present-tense road surface condition ('Coal Bank, Molas and Red Mountain all get wet pavement through the day.') with no live CDOT data behind it -- forecast the roads and the passes, link CDOT for status
  - first-30-days policy: review everything
review panel: fact checker + editor -> magistrate
panel round 1/3: facts=issues editor=issues (critical/major=4) gate=block -> magistrate REVISE
panel round 2/3: facts=clean editor=issues (critical/major=2) gate=block -> magistrate REVISE
panel round 3/3: facts=issues editor=issues (critical/major=5) gate=pass -> magistrate REVISE
panel round 3: final-round auto-patch applied 6 replacement(s), skipped 0, outstanding 0; gate=block, unresolved fact issues=2
panel transcript -> state/panel/2026-09-30-school_call.md
Archived draft -> state/drafts/2026-09-30-school_call.md
BLOCKED -- nothing published -- draft saved to output/draft.txt
staged for review -> site/weather/_pending/2026-09-30-flood-watch-for-vallecito-bayfield-and-durango.md
  promote with: python scripts/wx/promote_draft.py 2026-09-30
Review issue opened: https://github.com/GoVallecito/govallecito-bot/issues/72
Wrote state/forecast-status.md
exit=0

=== 2026-09-30T06:02:30-06:00 run 36712224941 ===
school_call for 2026-09-30 already went out at 2026-09-30T05:04:38-06:00; nothing to do.
school_call for 2026-09-30 already went out at 2026-09-30T05:04:38-06:00; nothing to do.
exit=0

=== 2026-09-30T06:57:17-06:00 run 36718167056 ===
school_call for 2026-09-30 already went out at 2026-09-30T05:04:38-06:00; nothing to do.
school_call for 2026-09-30 already went out at 2026-09-30T05:04:38-06:00; nothing to do.
exit=0

=== 2026-09-30T07:02:13-06:00 run 36718744555 ===
school_call for 2026-09-30 already went out at 2026-09-30T05:04:38-06:00; nothing to do.
school_call for 2026-09-30 already went out at 2026-09-30T05:04:38-06:00; nothing to do.
exit=0

=== 2026-09-30T08:02:24-06:00 run 36726048156 ===
school_call for 2026-09-30 already went out at 2026-09-30T05:04:38-06:00; nothing to do.
school_call for 2026-09-30 already went out at 2026-09-30T05:04:38-06:00; nothing to do.
exit=0

