=== 2026-10-09T01:17:32-06:00 run 37898161166 ===
2026-10-09 01:17 MDT is outside every posting window (evening 19:00-22:00, school_call 4:00-9:00 local). Exiting.
2026-10-09 01:17 MDT is outside every posting window (evening 19:00-22:00, school_call 4:00-9:00 local). Exiting.
exit=0

=== 2026-10-09T03:38:48-06:00 run 37912578697 ===
2026-10-09 03:38 MDT is outside every posting window (evening 19:00-22:00, school_call 4:00-9:00 local). Exiting.
2026-10-09 03:38 MDT is outside every posting window (evening 19:00-22:00, school_call 4:00-9:00 local). Exiting.
exit=0

=== 2026-10-09T05:03:58-06:00 run 37921164381 ===
NOTE: running at 05:01, inside the 4:00-9:00 window but later than the 4:00 target. Posting anyway, flagged late.
=== Vallecito forecast: school_call @ 2026-10-09 05:01 MDT ===
snow-line calibration: offset=0.0ft active=False
guardrails: BLOCK
  - draft states a present-tense road surface condition ('Dry roads for the 501 and the 240 this morning.') with no live CDOT data behind it -- forecast the roads and the passes, link CDOT for status
  - first-30-days policy: review everything
BLOCK is about the wording, not the data. Rewriting once.
guardrails after rewrite: BLOCK
  - draft states a present-tense road surface condition ("The snow line's above the passes, above the Weminuche, above every road and trail anybody's on, so its wet pavement and puddles everywhere but no ice and no snow at any elevation that matters.") with no live CDOT data behind it -- forecast the roads and the passes, link CDOT for status
  - first-30-days policy: review everything
review panel: fact checker + editor -> magistrate
panel round 1/3: facts=issues editor=issues (critical/major=5) gate=block -> magistrate REVISE
panel round 2/3: facts=issues editor=issues (critical/major=6) gate=pass -> magistrate REVISE
panel round 3/3: facts=clean editor=issues (critical/major=2) gate=pass -> magistrate REVISE
panel round 3: final-round auto-patch applied 3 replacement(s), skipped 0, outstanding 0; gate=pass, unresolved fact issues=0
panel transcript -> state/panel/2026-10-09-school_call.md
MAGISTRATE APPROVED (approved in round 3 after applying 3 reviewer replacement(s) to the writer's text); publishing to the website
Archived draft -> state/drafts/2026-10-09-school_call.md
site post -> site/weather/2026-10-09-morning-forecast-for-vallecito-bayfield-and-durango.md
site feed -> site/weather/feed.json
facebook: school_call is not in WX_FB_AUTO_SLOTS (empty); not posting. Use the facebook-post workflow to mirror it by hand.
Wrote state/forecast-status.md
logged forecast 2026-10-09-4 for tomorrow's verification
exit=0

=== 2026-10-09T10:35:58-06:00 run 37960243732 ===
2026-10-09 10:35 MDT is outside every posting window (evening 19:00-22:00, school_call 4:00-9:00 local). Exiting.
2026-10-09 10:35 MDT is outside every posting window (evening 19:00-22:00, school_call 4:00-9:00 local). Exiting.
exit=0

=== 2026-10-09T10:53:06-06:00 run 37962273416 ===
2026-10-09 10:53 MDT is outside every posting window (evening 19:00-22:00, school_call 4:00-9:00 local). Exiting.
2026-10-09 10:53 MDT is outside every posting window (evening 19:00-22:00, school_call 4:00-9:00 local). Exiting.
exit=0

=== 2026-10-09T15:18:08-06:00 run 37992570174 ===
2026-10-09 15:18 MDT is outside every posting window (evening 19:00-22:00, school_call 4:00-9:00 local). Exiting.
2026-10-09 15:18 MDT is outside every posting window (evening 19:00-22:00, school_call 4:00-9:00 local). Exiting.
exit=0

