=== 2026-09-29T00:44:55-06:00 run 36532684491 ===
2026-09-29 00:44 MDT is outside every posting window (evening 19:00-22:00, school_call 4:00-9:00 local). Exiting.
2026-09-29 00:44 MDT is outside every posting window (evening 19:00-22:00, school_call 4:00-9:00 local). Exiting.
exit=0

=== 2026-09-29T03:05:35-06:00 run 36546879432 ===
2026-09-29 03:05 MDT is outside every posting window (evening 19:00-22:00, school_call 4:00-9:00 local). Exiting.
2026-09-29 03:05 MDT is outside every posting window (evening 19:00-22:00, school_call 4:00-9:00 local). Exiting.
exit=0

=== 2026-09-29T10:07:30-06:00 run 36595375316 ===
2026-09-29 10:07 MDT is outside every posting window (evening 19:00-22:00, school_call 4:00-9:00 local). Exiting.
MISS: no school_call went out for 2026-09-29. Recent misses: ['2026-09-28', '2026-09-29']
[notify] opened miss issue #70
2026-09-29 10:07 MDT is outside every posting window (evening 19:00-22:00, school_call 4:00-9:00 local). Exiting.
exit=0

=== 2026-09-29T10:25:52-06:00 run 36597628173 ===
2026-09-29 10:25 MDT is outside every posting window (evening 19:00-22:00, school_call 4:00-9:00 local). Exiting.
2026-09-29 10:25 MDT is outside every posting window (evening 19:00-22:00, school_call 4:00-9:00 local). Exiting.
exit=0

=== 2026-09-29T14:59:03-06:00 run 36630132332 ===
2026-09-29 14:59 MDT is outside every posting window (evening 19:00-22:00, school_call 4:00-9:00 local). Exiting.
2026-09-29 14:59 MDT is outside every posting window (evening 19:00-22:00, school_call 4:00-9:00 local). Exiting.
exit=0

